unit,sex,age,region,year,value
YR,F,Y1,PT,2020,83.3
YR,F,Y10,PT,2020,74.4
YR,F,Y11,PT,2020,73.4
YR,F,Y12,PT,2020,72.4
YR,F,Y13,PT,2020,71.4
YR,F,Y14,PT,2020,70.4
YR,F,Y15,PT,2020,69.4
YR,F,Y16,PT,2020,68.4
YR,F,Y17,PT,2020,67.4
YR,F,Y18,PT,2020,66.4
YR,F,Y19,PT,2020,65.4
YR,F,Y2,PT,2020,82.3
YR,F,Y20,PT,2020,64.4
YR,F,Y21,PT,2020,63.5
YR,F,Y22,PT,2020,62.5
YR,F,Y23,PT,2020,61.5
YR,F,Y24,PT,2020,60.5
YR,F,Y25,PT,2020,59.5
YR,F,Y26,PT,2020,58.5
YR,F,Y27,PT,2020,57.5
YR,F,Y28,PT,2020,56.5
YR,F,Y29,PT,2020,55.6
YR,F,Y1,PT,2019,84.0
YR,F,Y10,PT,2019,75.1
YR,F,Y11,PT,2019,74.1
YR,F,Y12,PT,2019,73.1
YR,F,Y13,PT,2019,72.1
YR,F,Y14,PT,2019,71.1
YR,F,Y15,PT,2019,70.1
YR,F,Y16,PT,2019,69.1
YR,F,Y17,PT,2019,68.1
YR,F,Y18,PT,2019,67.2
YR,F,Y19,PT,2019,66.2
YR,F,Y2,PT,2019,83.0
YR,F,Y20,PT,2019,65.2
YR,F,Y21,PT,2019,64.2
YR,F,Y22,PT,2019,63.2
YR,F,Y23,PT,2019,62.2
YR,F,Y24,PT,2019,61.2
YR,F,Y25,PT,2019,60.2
YR,F,Y26,PT,2019,59.3
YR,F,Y27,PT,2019,58.3
YR,F,Y28,PT,2019,57.3
YR,F,Y29,PT,2019,56.3
YR,F,Y1,PT,2018,83.7
YR,F,Y10,PT,2018,74.8
YR,F,Y11,PT,2018,73.9
YR,F,Y12,PT,2018,72.9
YR,F,Y13,PT,2018,71.9
YR,F,Y14,PT,2018,70.9
YR,F,Y15,PT,2018,69.9
YR,F,Y16,PT,2018,68.9
YR,F,Y17,PT,2018,67.9
YR,F,Y18,PT,2018,66.9
YR,F,Y19,PT,2018,65.9
YR,F,Y2,PT,2018,82.8
YR,F,Y20,PT,2018,64.9
YR,F,Y21,PT,2018,63.9
YR,F,Y22,PT,2018,62.9
YR,F,Y23,PT,2018,62.0
YR,F,Y24,PT,2018,61.0
YR,F,Y25,PT,2018,60.0
YR,F,Y26,PT,2018,59.0
YR,F,Y27,PT,2018,58.0
YR,F,Y28,PT,2018,57.0
YR,F,Y29,PT,2018,56.1
YR,F,Y1,PT,2017,83.8
YR,F,Y10,PT,2017,74.8
YR,F,Y11,PT,2017,73.8
YR,F,Y12,PT,2017,72.8
YR,F,Y13,PT,2017,71.9
YR,F,Y14,PT,2017,70.9
YR,F,Y15,PT,2017,69.9
YR,F,Y16,PT,2017,68.9
YR,F,Y17,PT,2017,67.9
YR,F,Y18,PT,2017,66.9
YR,F,Y19,PT,2017,65.9
YR,F,Y2,PT,2017,82.8
YR,F,Y20,PT,2017,64.9
YR,F,Y21,PT,2017,63.9
YR,F,Y22,PT,2017,62.9
YR,F,Y23,PT,2017,62.0
YR,F,Y24,PT,2017,61.0
YR,F,Y25,PT,2017,60.0
YR,F,Y26,PT,2017,59.0
YR,F,Y27,PT,2017,58.0
YR,F,Y28,PT,2017,57.0
YR,F,Y29,PT,2017,56.0
YR,F,Y1,PT,2016,83.6
YR,F,Y10,PT,2016,74.6
YR,F,Y11,PT,2016,73.6
YR,F,Y12,PT,2016,72.6
YR,F,Y13,PT,2016,71.6
YR,F,Y14,PT,2016,70.7
YR,F,Y15,PT,2016,69.7
YR,F,Y16,PT,2016,68.7
YR,F,Y17,PT,2016,67.7
YR,F,Y18,PT,2016,66.7
YR,F,Y19,PT,2016,65.7
YR,F,Y2,PT,2016,82.6
YR,F,Y20,PT,2016,64.7
YR,F,Y21,PT,2016,63.7
YR,F,Y22,PT,2016,62.7
YR,F,Y23,PT,2016,61.7
YR,F,Y24,PT,2016,60.7
YR,F,Y25,PT,2016,59.8
YR,F,Y26,PT,2016,58.8
YR,F,Y27,PT,2016,57.8
YR,F,Y28,PT,2016,56.8
YR,F,Y29,PT,2016,55.8
YR,F,Y1,PT,2015,83.5
YR,F,Y10,PT,2015,74.5
YR,F,Y11,PT,2015,73.6
YR,F,Y12,PT,2015,72.6
YR,F,Y13,PT,2015,71.6
YR,F,Y14,PT,2015,70.6
YR,F,Y15,PT,2015,69.6
YR,F,Y16,PT,2015,68.6
YR,F,Y17,PT,2015,67.6
YR,F,Y18,PT,2015,66.6
YR,F,Y19,PT,2015,65.6
YR,F,Y2,PT,2015,82.5
YR,F,Y20,PT,2015,64.6
YR,F,Y21,PT,2015,63.6
YR,F,Y22,PT,2015,62.6
YR,F,Y23,PT,2015,61.6
YR,F,Y24,PT,2015,60.7
YR,F,Y25,PT,2015,59.7
YR,F,Y26,PT,2015,58.7
YR,F,Y27,PT,2015,57.7
YR,F,Y28,PT,2015,56.7
YR,F,Y29,PT,2015,55.7
YR,F,Y1,PT,2014,83.6
YR,F,Y10,PT,2014,74.7
YR,F,Y11,PT,2014,73.7
YR,F,Y12,PT,2014,72.7
YR,F,Y13,PT,2014,71.7
YR,F,Y14,PT,2014,70.7
YR,F,Y15,PT,2014,69.7
YR,F,Y16,PT,2014,68.7
YR,F,Y17,PT,2014,67.8
YR,F,Y18,PT,2014,66.8
YR,F,Y19,PT,2014,65.8
YR,F,Y2,PT,2014,82.7
YR,F,Y20,PT,2014,64.8
YR,F,Y21,PT,2014,63.8
YR,F,Y22,PT,2014,62.8
YR,F,Y23,PT,2014,61.8
YR,F,Y24,PT,2014,60.8
YR,F,Y25,PT,2014,59.8
YR,F,Y26,PT,2014,58.8
YR,F,Y27,PT,2014,57.9
YR,F,Y28,PT,2014,56.9
YR,F,Y29,PT,2014,55.9
YR,F,Y1,PT,2013,83.2
YR,F,Y10,PT,2013,74.3
YR,F,Y11,PT,2013,73.3
YR,F,Y12,PT,2013,72.3
YR,F,Y13,PT,2013,71.3
YR,F,Y14,PT,2013,70.3
YR,F,Y15,PT,2013,69.4
YR,F,Y16,PT,2013,68.4
YR,F,Y17,PT,2013,67.4
YR,F,Y18,PT,2013,66.4
YR,F,Y19,PT,2013,65.4
YR,F,Y2,PT,2013,82.3
YR,F,Y20,PT,2013,64.4
YR,F,Y21,PT,2013,63.4
YR,F,Y22,PT,2013,62.4
YR,F,Y23,PT,2013,61.4
YR,F,Y24,PT,2013,60.5
YR,F,Y25,PT,2013,59.5
YR,F,Y26,PT,2013,58.5
YR,F,Y27,PT,2013,57.5
YR,F,Y28,PT,2013,56.5
YR,F,Y29,PT,2013,55.5
YR,F,Y1,PT,2012,82.9
YR,F,Y10,PT,2012,74.0
YR,F,Y11,PT,2012,73.0
YR,F,Y12,PT,2012,72.0
YR,F,Y13,PT,2012,71.0
YR,F,Y14,PT,2012,70.0
YR,F,Y15,PT,2012,69.0
YR,F,Y16,PT,2012,68.0
YR,F,Y17,PT,2012,67.0
YR,F,Y18,PT,2012,66.0
YR,F,Y19,PT,2012,65.0
YR,F,Y2,PT,2012,81.9
YR,F,Y20,PT,2012,64.1
YR,F,Y21,PT,2012,63.1
YR,F,Y22,PT,2012,62.1
YR,F,Y23,PT,2012,61.1
YR,F,Y24,PT,2012,60.1
YR,F,Y25,PT,2012,59.1
YR,F,Y26,PT,2012,58.1
YR,F,Y27,PT,2012,57.2
YR,F,Y28,PT,2012,56.2
YR,F,Y29,PT,2012,55.2
YR,F,Y1,PT,2011,83.1
YR,F,Y10,PT,2011,74.1
YR,F,Y11,PT,2011,73.1
YR,F,Y12,PT,2011,72.1
YR,F,Y13,PT,2011,71.2
YR,F,Y14,PT,2011,70.2
YR,F,Y15,PT,2011,69.2
YR,F,Y16,PT,2011,68.2
YR,F,Y17,PT,2011,67.2
YR,F,Y18,PT,2011,66.2
YR,F,Y19,PT,2011,65.2
YR,F,Y2,PT,2011,82.1
YR,F,Y20,PT,2011,64.2
YR,F,Y21,PT,2011,63.2
YR,F,Y22,PT,2011,62.3
YR,F,Y23,PT,2011,61.3
YR,F,Y24,PT,2011,60.3
YR,F,Y25,PT,2011,59.3
YR,F,Y26,PT,2011,58.3
YR,F,Y27,PT,2011,57.3
YR,F,Y28,PT,2011,56.4
YR,F,Y29,PT,2011,55.4
YR,F,Y1,PT,2010,82.4
YR,F,Y10,PT,2010,73.5
YR,F,Y11,PT,2010,72.5
YR,F,Y12,PT,2010,71.5
YR,F,Y13,PT,2010,70.5
YR,F,Y14,PT,2010,69.5
YR,F,Y15,PT,2010,68.5
YR,F,Y16,PT,2010,67.5
YR,F,Y17,PT,2010,66.5
YR,F,Y18,PT,2010,65.6
YR,F,Y19,PT,2010,64.6
YR,F,Y2,PT,2010,81.4
YR,F,Y20,PT,2010,63.6
YR,F,Y21,PT,2010,62.6
YR,F,Y22,PT,2010,61.6
YR,F,Y23,PT,2010,60.6
YR,F,Y24,PT,2010,59.7
YR,F,Y25,PT,2010,58.7
YR,F,Y26,PT,2010,57.7
YR,F,Y27,PT,2010,56.7
YR,F,Y28,PT,2010,55.7
YR,F,Y29,PT,2010,54.7
YR,F,Y1,PT,2009,82.1
YR,F,Y10,PT,2009,73.2
YR,F,Y11,PT,2009,72.2
YR,F,Y12,PT,2009,71.2
YR,F,Y13,PT,2009,70.2
YR,F,Y14,PT,2009,69.2
YR,F,Y15,PT,2009,68.2
YR,F,Y16,PT,2009,67.2
YR,F,Y17,PT,2009,66.2
YR,F,Y18,PT,2009,65.3
YR,F,Y19,PT,2009,64.3
YR,F,Y2,PT,2009,81.1
YR,F,Y20,PT,2009,63.3
YR,F,Y21,PT,2009,62.3
YR,F,Y22,PT,2009,61.3
YR,F,Y23,PT,2009,60.3
YR,F,Y24,PT,2009,59.4
YR,F,Y25,PT,2009,58.4
YR,F,Y26,PT,2009,57.4
YR,F,Y27,PT,2009,56.4
YR,F,Y28,PT,2009,55.4
YR,F,Y29,PT,2009,54.4
YR,F,Y1,PT,2008,81.9
YR,F,Y10,PT,2008,73.0
YR,F,Y11,PT,2008,72.0
YR,F,Y12,PT,2008,71.0
YR,F,Y13,PT,2008,70.0
YR,F,Y14,PT,2008,69.1
YR,F,Y15,PT,2008,68.1
YR,F,Y16,PT,2008,67.1
YR,F,Y17,PT,2008,66.1
YR,F,Y18,PT,2008,65.1
YR,F,Y19,PT,2008,64.1
YR,F,Y2,PT,2008,80.9
YR,F,Y20,PT,2008,63.1
YR,F,Y21,PT,2008,62.2
YR,F,Y22,PT,2008,61.2
YR,F,Y23,PT,2008,60.2
YR,F,Y24,PT,2008,59.2
YR,F,Y25,PT,2008,58.2
YR,F,Y26,PT,2008,57.2
YR,F,Y27,PT,2008,56.3
YR,F,Y28,PT,2008,55.3
YR,F,Y29,PT,2008,54.3
YR,F,Y1,PT,2007,81.7
YR,F,Y10,PT,2007,72.8
YR,F,Y11,PT,2007,71.8
YR,F,Y12,PT,2007,70.9
YR,F,Y13,PT,2007,69.9
YR,F,Y14,PT,2007,68.9
YR,F,Y15,PT,2007,67.9
YR,F,Y16,PT,2007,66.9
YR,F,Y17,PT,2007,65.9
YR,F,Y18,PT,2007,64.9
YR,F,Y19,PT,2007,63.9
YR,F,Y2,PT,2007,80.8
YR,F,Y20,PT,2007,63.0
YR,F,Y21,PT,2007,62.0
YR,F,Y22,PT,2007,61.0
YR,F,Y23,PT,2007,60.0
YR,F,Y24,PT,2007,59.0
YR,F,Y25,PT,2007,58.1
YR,F,Y26,PT,2007,57.1
YR,F,Y27,PT,2007,56.1
YR,F,Y28,PT,2007,55.1
YR,F,Y29,PT,2007,54.1
YR,F,Y1,PT,2006,81.7
YR,F,Y10,PT,2006,72.9
YR,F,Y11,PT,2006,71.9
YR,F,Y12,PT,2006,70.9
YR,F,Y13,PT,2006,69.9
YR,F,Y14,PT,2006,68.9
YR,F,Y15,PT,2006,67.9
YR,F,Y16,PT,2006,66.9
YR,F,Y17,PT,2006,65.9
YR,F,Y18,PT,2006,64.9
YR,F,Y19,PT,2006,64.0
YR,F,Y2,PT,2006,80.8
YR,F,Y20,PT,2006,63.0
YR,F,Y21,PT,2006,62.0
YR,F,Y22,PT,2006,61.0
YR,F,Y23,PT,2006,60.0
YR,F,Y24,PT,2006,59.0
YR,F,Y25,PT,2006,58.1
YR,F,Y26,PT,2006,57.1
YR,F,Y27,PT,2006,56.1
YR,F,Y28,PT,2006,55.1
YR,F,Y29,PT,2006,54.1
YR,F,Y1,PT,2005,80.8
YR,F,Y10,PT,2005,71.9
YR,F,Y11,PT,2005,70.9
YR,F,Y12,PT,2005,69.9
YR,F,Y13,PT,2005,68.9
YR,F,Y14,PT,2005,67.9
YR,F,Y15,PT,2005,66.9
YR,F,Y16,PT,2005,66.0
YR,F,Y17,PT,2005,65.0
YR,F,Y18,PT,2005,64.0
YR,F,Y19,PT,2005,63.0
YR,F,Y2,PT,2005,79.8
YR,F,Y20,PT,2005,62.0
YR,F,Y21,PT,2005,61.1
YR,F,Y22,PT,2005,60.1
YR,F,Y23,PT,2005,59.1
YR,F,Y24,PT,2005,58.1
YR,F,Y25,PT,2005,57.1
YR,F,Y26,PT,2005,56.2
YR,F,Y27,PT,2005,55.2
YR,F,Y28,PT,2005,54.2
YR,F,Y29,PT,2005,53.2
YR,F,Y1,PT,2004,81.0
YR,F,Y10,PT,2004,72.2
YR,F,Y11,PT,2004,71.2
YR,F,Y12,PT,2004,70.2
YR,F,Y13,PT,2004,69.2
YR,F,Y14,PT,2004,68.2
YR,F,Y15,PT,2004,67.2
YR,F,Y16,PT,2004,66.3
YR,F,Y17,PT,2004,65.3
YR,F,Y18,PT,2004,64.3
YR,F,Y19,PT,2004,63.3
YR,F,Y2,PT,2004,80.1
YR,F,Y20,PT,2004,62.3
YR,F,Y21,PT,2004,61.4
YR,F,Y22,PT,2004,60.4
YR,F,Y23,PT,2004,59.4
YR,F,Y24,PT,2004,58.4
YR,F,Y25,PT,2004,57.4
YR,F,Y26,PT,2004,56.4
YR,F,Y27,PT,2004,55.5
YR,F,Y28,PT,2004,54.5
YR,F,Y29,PT,2004,53.5
YR,F,Y1,PT,2003,80.1
YR,F,Y10,PT,2003,71.3
YR,F,Y11,PT,2003,70.3
YR,F,Y12,PT,2003,69.3
YR,F,Y13,PT,2003,68.3
YR,F,Y14,PT,2003,67.3
YR,F,Y15,PT,2003,66.3
YR,F,Y16,PT,2003,65.3
YR,F,Y17,PT,2003,64.3
YR,F,Y18,PT,2003,63.4
YR,F,Y19,PT,2003,62.4
YR,F,Y2,PT,2003,79.1
YR,F,Y20,PT,2003,61.4
YR,F,Y21,PT,2003,60.4
YR,F,Y22,PT,2003,59.4
YR,F,Y23,PT,2003,58.5
YR,F,Y24,PT,2003,57.5
YR,F,Y25,PT,2003,56.5
YR,F,Y26,PT,2003,55.5
YR,F,Y27,PT,2003,54.6
YR,F,Y28,PT,2003,53.6
YR,F,Y29,PT,2003,52.6
YR,F,Y1,PT,2002,80.2
YR,F,Y10,PT,2002,71.4
YR,F,Y11,PT,2002,70.4
YR,F,Y12,PT,2002,69.4
YR,F,Y13,PT,2002,68.4
YR,F,Y14,PT,2002,67.4
YR,F,Y15,PT,2002,66.5
YR,F,Y16,PT,2002,65.5
YR,F,Y17,PT,2002,64.5
YR,F,Y18,PT,2002,63.5
YR,F,Y19,PT,2002,62.5
YR,F,Y2,PT,2002,79.3
YR,F,Y20,PT,2002,61.5
YR,F,Y21,PT,2002,60.6
YR,F,Y22,PT,2002,59.6
YR,F,Y23,PT,2002,58.6
YR,F,Y24,PT,2002,57.6
YR,F,Y25,PT,2002,56.6
YR,F,Y26,PT,2002,55.7
YR,F,Y27,PT,2002,54.7
YR,F,Y28,PT,2002,53.7
YR,F,Y29,PT,2002,52.8
YR,F,Y1,PT,2001,80.1
YR,F,Y10,PT,2001,71.2
YR,F,Y11,PT,2001,70.3
YR,F,Y12,PT,2001,69.3
YR,F,Y13,PT,2001,68.3
YR,F,Y14,PT,2001,67.3
YR,F,Y15,PT,2001,66.3
YR,F,Y16,PT,2001,65.3
YR,F,Y17,PT,2001,64.4
YR,F,Y18,PT,2001,63.4
YR,F,Y19,PT,2001,62.4
YR,F,Y2,PT,2001,79.1
YR,F,Y20,PT,2001,61.4
YR,F,Y21,PT,2001,60.4
YR,F,Y22,PT,2001,59.4
YR,F,Y23,PT,2001,58.5
YR,F,Y24,PT,2001,57.5
YR,F,Y25,PT,2001,56.5
YR,F,Y26,PT,2001,55.5
YR,F,Y27,PT,2001,54.6
YR,F,Y28,PT,2001,53.6
YR,F,Y29,PT,2001,52.6
YR,F,Y1,PT,2000,79.8
YR,F,Y10,PT,2000,71.0
YR,F,Y11,PT,2000,70.0
YR,F,Y12,PT,2000,69.0
YR,F,Y13,PT,2000,68.0
YR,F,Y14,PT,2000,67.0
YR,F,Y15,PT,2000,66.0
YR,F,Y16,PT,2000,65.1
YR,F,Y17,PT,2000,64.1
YR,F,Y18,PT,2000,63.1
YR,F,Y19,PT,2000,62.1
YR,F,Y2,PT,2000,78.8
YR,F,Y20,PT,2000,61.1
YR,F,Y21,PT,2000,60.2
YR,F,Y22,PT,2000,59.2
YR,F,Y23,PT,2000,58.2
YR,F,Y24,PT,2000,57.2
YR,F,Y25,PT,2000,56.3
YR,F,Y26,PT,2000,55.3
YR,F,Y27,PT,2000,54.3
YR,F,Y28,PT,2000,53.3
YR,F,Y29,PT,2000,52.3
YR,F,Y1,PT,1999,79.2
YR,F,Y10,PT,1999,70.4
YR,F,Y11,PT,1999,69.4
YR,F,Y12,PT,1999,68.4
YR,F,Y13,PT,1999,67.5
YR,F,Y14,PT,1999,66.5
YR,F,Y15,PT,1999,65.5
YR,F,Y16,PT,1999,64.5
YR,F,Y17,PT,1999,63.5
YR,F,Y18,PT,1999,62.5
YR,F,Y19,PT,1999,61.6
YR,F,Y2,PT,1999,78.3
YR,F,Y20,PT,1999,60.6
YR,F,Y21,PT,1999,59.6
YR,F,Y22,PT,1999,58.6
YR,F,Y23,PT,1999,57.7
YR,F,Y24,PT,1999,56.7
YR,F,Y25,PT,1999,55.7
YR,F,Y26,PT,1999,54.7
YR,F,Y27,PT,1999,53.8
YR,F,Y28,PT,1999,52.8
YR,F,Y29,PT,1999,51.8
YR,F,Y1,PT,1998,79.1
YR,F,Y10,PT,1998,70.3
YR,F,Y11,PT,1998,69.3
YR,F,Y12,PT,1998,68.3
YR,F,Y13,PT,1998,67.4
YR,F,Y14,PT,1998,66.4
YR,F,Y15,PT,1998,65.4
YR,F,Y16,PT,1998,64.4
YR,F,Y17,PT,1998,63.4
YR,F,Y18,PT,1998,62.4
YR,F,Y19,PT,1998,61.5
YR,F,Y2,PT,1998,78.1
YR,F,Y20,PT,1998,60.5
YR,F,Y21,PT,1998,59.5
YR,F,Y22,PT,1998,58.5
YR,F,Y23,PT,1998,57.6
YR,F,Y24,PT,1998,56.6
YR,F,Y25,PT,1998,55.6
YR,F,Y26,PT,1998,54.7
YR,F,Y27,PT,1998,53.7
YR,F,Y28,PT,1998,52.7
YR,F,Y29,PT,1998,51.8
YR,F,Y1,PT,1997,78.8
YR,F,Y10,PT,1997,70.1
YR,F,Y11,PT,1997,69.1
YR,F,Y12,PT,1997,68.1
YR,F,Y13,PT,1997,67.1
YR,F,Y14,PT,1997,66.1
YR,F,Y15,PT,1997,65.2
YR,F,Y16,PT,1997,64.2
YR,F,Y17,PT,1997,63.2
YR,F,Y18,PT,1997,62.2
YR,F,Y19,PT,1997,61.2
YR,F,Y2,PT,1997,77.9
YR,F,Y20,PT,1997,60.3
YR,F,Y21,PT,1997,59.3
YR,F,Y22,PT,1997,58.3
YR,F,Y23,PT,1997,57.4
YR,F,Y24,PT,1997,56.4
YR,F,Y25,PT,1997,55.4
YR,F,Y26,PT,1997,54.4
YR,F,Y27,PT,1997,53.5
YR,F,Y28,PT,1997,52.5
YR,F,Y29,PT,1997,51.6
YR,F,Y1,PT,1996,78.5
YR,F,Y10,PT,1996,69.8
YR,F,Y11,PT,1996,68.8
YR,F,Y12,PT,1996,67.8
YR,F,Y13,PT,1996,66.8
YR,F,Y14,PT,1996,65.8
YR,F,Y15,PT,1996,64.8
YR,F,Y16,PT,1996,63.9
YR,F,Y17,PT,1996,62.9
YR,F,Y18,PT,1996,61.9
YR,F,Y19,PT,1996,60.9
YR,F,Y2,PT,1996,77.6
YR,F,Y20,PT,1996,60.0
YR,F,Y21,PT,1996,59.0
YR,F,Y22,PT,1996,58.0
YR,F,Y23,PT,1996,57.0
YR,F,Y24,PT,1996,56.1
YR,F,Y25,PT,1996,55.1
YR,F,Y26,PT,1996,54.1
YR,F,Y27,PT,1996,53.1
YR,F,Y28,PT,1996,52.2
YR,F,Y29,PT,1996,51.2
YR,F,Y1,PT,1995,78.5
YR,F,Y10,PT,1995,69.8
YR,F,Y11,PT,1995,68.8
YR,F,Y12,PT,1995,67.8
YR,F,Y13,PT,1995,66.8
YR,F,Y14,PT,1995,65.8
YR,F,Y15,PT,1995,64.8
YR,F,Y16,PT,1995,63.8
YR,F,Y17,PT,1995,62.9
YR,F,Y18,PT,1995,61.9
YR,F,Y19,PT,1995,60.9
YR,F,Y2,PT,1995,77.6
YR,F,Y20,PT,1995,59.9
YR,F,Y21,PT,1995,59.0
YR,F,Y22,PT,1995,58.0
YR,F,Y23,PT,1995,57.0
YR,F,Y24,PT,1995,56.1
YR,F,Y25,PT,1995,55.1
YR,F,Y26,PT,1995,54.1
YR,F,Y27,PT,1995,53.2
YR,F,Y28,PT,1995,52.2
YR,F,Y29,PT,1995,51.2
YR,F,Y1,PT,1994,78.6
YR,F,Y10,PT,1994,69.9
YR,F,Y11,PT,1994,68.9
YR,F,Y12,PT,1994,67.9
YR,F,Y13,PT,1994,66.9
YR,F,Y14,PT,1994,66.0
YR,F,Y15,PT,1994,65.0
YR,F,Y16,PT,1994,64.0
YR,F,Y17,PT,1994,63.0
YR,F,Y18,PT,1994,62.0
YR,F,Y19,PT,1994,61.1
YR,F,Y2,PT,1994,77.7
YR,F,Y20,PT,1994,60.1
YR,F,Y21,PT,1994,59.1
YR,F,Y22,PT,1994,58.1
YR,F,Y23,PT,1994,57.2
YR,F,Y24,PT,1994,56.2
YR,F,Y25,PT,1994,55.2
YR,F,Y26,PT,1994,54.2
YR,F,Y27,PT,1994,53.3
YR,F,Y28,PT,1994,52.3
YR,F,Y29,PT,1994,51.3
YR,F,Y1,PT,1993,77.7
YR,F,Y10,PT,1993,69.0
YR,F,Y11,PT,1993,68.0
YR,F,Y12,PT,1993,67.0
YR,F,Y13,PT,1993,66.0
YR,F,Y14,PT,1993,65.1
YR,F,Y15,PT,1993,64.1
YR,F,Y16,PT,1993,63.1
YR,F,Y17,PT,1993,62.1
YR,F,Y18,PT,1993,61.1
YR,F,Y19,PT,1993,60.2
YR,F,Y2,PT,1993,76.8
YR,F,Y20,PT,1993,59.2
YR,F,Y21,PT,1993,58.2
YR,F,Y22,PT,1993,57.2
YR,F,Y23,PT,1993,56.3
YR,F,Y24,PT,1993,55.3
YR,F,Y25,PT,1993,54.3
YR,F,Y26,PT,1993,53.4
YR,F,Y27,PT,1993,52.4
YR,F,Y28,PT,1993,51.4
YR,F,Y29,PT,1993,50.5
YR,F,Y1,PT,1992,78.0
YR,F,Y10,PT,1992,69.3
YR,F,Y11,PT,1992,68.3
YR,F,Y12,PT,1992,67.3
YR,F,Y13,PT,1992,66.3
YR,F,Y14,PT,1992,65.4
YR,F,Y15,PT,1992,64.4
YR,F,Y16,PT,1992,63.4
YR,F,Y17,PT,1992,62.4
YR,F,Y18,PT,1992,61.4
YR,F,Y19,PT,1992,60.4
YR,F,Y2,PT,1992,77.1
YR,F,Y20,PT,1992,59.5
YR,F,Y21,PT,1992,58.5
YR,F,Y22,PT,1992,57.5
YR,F,Y23,PT,1992,56.6
YR,F,Y24,PT,1992,55.6
YR,F,Y25,PT,1992,54.6
YR,F,Y26,PT,1992,53.7
YR,F,Y27,PT,1992,52.7
YR,F,Y28,PT,1992,51.7
YR,F,Y29,PT,1992,50.8
YR,F,Y1,PT,1991,77.4
YR,F,Y10,PT,1991,68.7
YR,F,Y11,PT,1991,67.7
YR,F,Y12,PT,1991,66.8
YR,F,Y13,PT,1991,65.8
YR,F,Y14,PT,1991,64.8
YR,F,Y15,PT,1991,63.8
YR,F,Y16,PT,1991,62.8
YR,F,Y17,PT,1991,61.9
YR,F,Y18,PT,1991,60.9
YR,F,Y19,PT,1991,59.9
YR,F,Y2,PT,1991,76.5
YR,F,Y20,PT,1991,59.0
YR,F,Y21,PT,1991,58.0
YR,F,Y22,PT,1991,57.0
YR,F,Y23,PT,1991,56.0
YR,F,Y24,PT,1991,55.1
YR,F,Y25,PT,1991,54.1
YR,F,Y26,PT,1991,53.1
YR,F,Y27,PT,1991,52.2
YR,F,Y28,PT,1991,51.2
YR,F,Y29,PT,1991,50.2
YR,F,Y1,PT,1990,77.3
YR,F,Y10,PT,1990,68.6
YR,F,Y11,PT,1990,67.6
YR,F,Y12,PT,1990,66.6
YR,F,Y13,PT,1990,65.6
YR,F,Y14,PT,1990,64.7
YR,F,Y15,PT,1990,63.7
YR,F,Y16,PT,1990,62.7
YR,F,Y17,PT,1990,61.7
YR,F,Y18,PT,1990,60.8
YR,F,Y19,PT,1990,59.8
YR,F,Y2,PT,1990,76.4
YR,F,Y20,PT,1990,58.8
YR,F,Y21,PT,1990,57.8
YR,F,Y22,PT,1990,56.9
YR,F,Y23,PT,1990,55.9
YR,F,Y24,PT,1990,54.9
YR,F,Y25,PT,1990,54.0
YR,F,Y26,PT,1990,53.0
YR,F,Y27,PT,1990,52.0
YR,F,Y28,PT,1990,51.1
YR,F,Y29,PT,1990,50.1
YR,F,Y1,PT,1989,77.8
YR,F,Y10,PT,1989,69.1
YR,F,Y11,PT,1989,68.1
YR,F,Y12,PT,1989,67.1
YR,F,Y13,PT,1989,66.1
YR,F,Y14,PT,1989,65.2
YR,F,Y15,PT,1989,64.2
YR,F,Y16,PT,1989,63.2
YR,F,Y17,PT,1989,62.2
YR,F,Y18,PT,1989,61.2
YR,F,Y19,PT,1989,60.3
YR,F,Y2,PT,1989,76.9
YR,F,Y20,PT,1989,59.3
YR,F,Y21,PT,1989,58.3
YR,F,Y22,PT,1989,57.4
YR,F,Y23,PT,1989,56.4
YR,F,Y24,PT,1989,55.4
YR,F,Y25,PT,1989,54.5
YR,F,Y26,PT,1989,53.5
YR,F,Y27,PT,1989,52.5
YR,F,Y28,PT,1989,51.5
YR,F,Y29,PT,1989,50.6
YR,F,Y1,PT,1988,77.3
YR,F,Y10,PT,1988,68.6
YR,F,Y11,PT,1988,67.7
YR,F,Y12,PT,1988,66.7
YR,F,Y13,PT,1988,65.7
YR,F,Y14,PT,1988,64.7
YR,F,Y15,PT,1988,63.7
YR,F,Y16,PT,1988,62.8
YR,F,Y17,PT,1988,61.8
YR,F,Y18,PT,1988,60.8
YR,F,Y19,PT,1988,59.8
YR,F,Y2,PT,1988,76.4
YR,F,Y20,PT,1988,58.9
YR,F,Y21,PT,1988,57.9
YR,F,Y22,PT,1988,56.9
YR,F,Y23,PT,1988,56.0
YR,F,Y24,PT,1988,55.0
YR,F,Y25,PT,1988,54.0
YR,F,Y26,PT,1988,53.0
YR,F,Y27,PT,1988,52.1
YR,F,Y28,PT,1988,51.1
YR,F,Y29,PT,1988,50.1
YR,F,Y1,PT,1987,77.2
YR,F,Y10,PT,1987,68.5
YR,F,Y11,PT,1987,67.6
YR,F,Y12,PT,1987,66.6
YR,F,Y13,PT,1987,65.6
YR,F,Y14,PT,1987,64.6
YR,F,Y15,PT,1987,63.6
YR,F,Y16,PT,1987,62.7
YR,F,Y17,PT,1987,61.7
YR,F,Y18,PT,1987,60.7
YR,F,Y19,PT,1987,59.7
YR,F,Y2,PT,1987,76.3
YR,F,Y20,PT,1987,58.8
YR,F,Y21,PT,1987,57.8
YR,F,Y22,PT,1987,56.8
YR,F,Y23,PT,1987,55.9
YR,F,Y24,PT,1987,54.9
YR,F,Y25,PT,1987,53.9
YR,F,Y26,PT,1987,52.9
YR,F,Y27,PT,1987,52.0
YR,F,Y28,PT,1987,51.0
YR,F,Y29,PT,1987,50.0
YR,F,Y1,PT,1986,76.9
YR,F,Y10,PT,1986,68.3
YR,F,Y11,PT,1986,67.3
YR,F,Y12,PT,1986,66.3
YR,F,Y13,PT,1986,65.3
YR,F,Y14,PT,1986,64.4
YR,F,Y15,PT,1986,63.4
YR,F,Y16,PT,1986,62.4
YR,F,Y17,PT,1986,61.4
YR,F,Y18,PT,1986,60.5
YR,F,Y19,PT,1986,59.5
YR,F,Y2,PT,1986,76.0
YR,F,Y20,PT,1986,58.5
YR,F,Y21,PT,1986,57.6
YR,F,Y22,PT,1986,56.6
YR,F,Y23,PT,1986,55.6
YR,F,Y24,PT,1986,54.6
YR,F,Y25,PT,1986,53.7
YR,F,Y26,PT,1986,52.7
YR,F,Y27,PT,1986,51.7
YR,F,Y28,PT,1986,50.7
YR,F,Y29,PT,1986,49.8
YR,F,Y1,PT,1985,76.6
YR,F,Y10,PT,1985,67.9
YR,F,Y11,PT,1985,66.9
YR,F,Y12,PT,1985,66.0
YR,F,Y13,PT,1985,65.0
YR,F,Y14,PT,1985,64.0
YR,F,Y15,PT,1985,63.0
YR,F,Y16,PT,1985,62.0
YR,F,Y17,PT,1985,61.1
YR,F,Y18,PT,1985,60.1
YR,F,Y19,PT,1985,59.1
YR,F,Y2,PT,1985,75.7
YR,F,Y20,PT,1985,58.2
YR,F,Y21,PT,1985,57.2
YR,F,Y22,PT,1985,56.2
YR,F,Y23,PT,1985,55.3
YR,F,Y24,PT,1985,54.3
YR,F,Y25,PT,1985,53.3
YR,F,Y26,PT,1985,52.3
YR,F,Y27,PT,1985,51.4
YR,F,Y28,PT,1985,50.4
YR,F,Y29,PT,1985,49.4
YR,F,Y1,PT,1984,76.3
YR,F,Y10,PT,1984,67.7
YR,F,Y11,PT,1984,66.7
YR,F,Y12,PT,1984,65.7
YR,F,Y13,PT,1984,64.7
YR,F,Y14,PT,1984,63.8
YR,F,Y15,PT,1984,62.8
YR,F,Y16,PT,1984,61.8
YR,F,Y17,PT,1984,60.8
YR,F,Y18,PT,1984,59.9
YR,F,Y19,PT,1984,58.9
YR,F,Y2,PT,1984,75.4
YR,F,Y20,PT,1984,57.9
YR,F,Y21,PT,1984,57.0
YR,F,Y22,PT,1984,56.0
YR,F,Y23,PT,1984,55.0
YR,F,Y24,PT,1984,54.1
YR,F,Y25,PT,1984,53.1
YR,F,Y26,PT,1984,52.1
YR,F,Y27,PT,1984,51.1
YR,F,Y28,PT,1984,50.2
YR,F,Y29,PT,1984,49.2
YR,F,Y1,PT,1983,76.2
YR,F,Y10,PT,1983,67.6
YR,F,Y11,PT,1983,66.6
YR,F,Y12,PT,1983,65.6
YR,F,Y13,PT,1983,64.6
YR,F,Y14,PT,1983,63.6
YR,F,Y15,PT,1983,62.7
YR,F,Y16,PT,1983,61.7
YR,F,Y17,PT,1983,60.7
YR,F,Y18,PT,1983,59.8
YR,F,Y19,PT,1983,58.8
YR,F,Y2,PT,1983,75.3
YR,F,Y20,PT,1983,57.8
YR,F,Y21,PT,1983,56.9
YR,F,Y22,PT,1983,55.9
YR,F,Y23,PT,1983,54.9
YR,F,Y24,PT,1983,54.0
YR,F,Y25,PT,1983,53.0
YR,F,Y26,PT,1983,52.0
YR,F,Y27,PT,1983,51.1
YR,F,Y28,PT,1983,50.1
YR,F,Y29,PT,1983,49.1
YR,F,Y1,PT,1982,76.3
YR,F,Y10,PT,1982,67.7
YR,F,Y11,PT,1982,66.8
YR,F,Y12,PT,1982,65.8
YR,F,Y13,PT,1982,64.8
YR,F,Y14,PT,1982,63.8
YR,F,Y15,PT,1982,62.9
YR,F,Y16,PT,1982,61.9
YR,F,Y17,PT,1982,60.9
YR,F,Y18,PT,1982,60.0
YR,F,Y19,PT,1982,59.0
YR,F,Y2,PT,1982,75.4
YR,F,Y20,PT,1982,58.0
YR,F,Y21,PT,1982,57.0
YR,F,Y22,PT,1982,56.1
YR,F,Y23,PT,1982,55.1
YR,F,Y24,PT,1982,54.1
YR,F,Y25,PT,1982,53.2
YR,F,Y26,PT,1982,52.2
YR,F,Y27,PT,1982,51.2
YR,F,Y28,PT,1982,50.3
YR,F,Y29,PT,1982,49.3
YR,F,Y1,PT,1981,75.8
YR,F,Y10,PT,1981,67.2
YR,F,Y11,PT,1981,66.2
YR,F,Y12,PT,1981,65.3
YR,F,Y13,PT,1981,64.3
YR,F,Y14,PT,1981,63.3
YR,F,Y15,PT,1981,62.3
YR,F,Y16,PT,1981,61.4
YR,F,Y17,PT,1981,60.4
YR,F,Y18,PT,1981,59.4
YR,F,Y19,PT,1981,58.5
YR,F,Y2,PT,1981,74.9
YR,F,Y20,PT,1981,57.5
YR,F,Y21,PT,1981,56.5
YR,F,Y22,PT,1981,55.6
YR,F,Y23,PT,1981,54.6
YR,F,Y24,PT,1981,53.6
YR,F,Y25,PT,1981,52.7
YR,F,Y26,PT,1981,51.7
YR,F,Y27,PT,1981,50.7
YR,F,Y28,PT,1981,49.8
YR,F,Y29,PT,1981,48.8
YR,F,Y1,PT,1980,75.6
YR,F,Y10,PT,1980,67.1
YR,F,Y11,PT,1980,66.1
YR,F,Y12,PT,1980,65.1
YR,F,Y13,PT,1980,64.1
YR,F,Y14,PT,1980,63.1
YR,F,Y15,PT,1980,62.2
YR,F,Y16,PT,1980,61.2
YR,F,Y17,PT,1980,60.2
YR,F,Y18,PT,1980,59.3
YR,F,Y19,PT,1980,58.3
YR,F,Y2,PT,1980,74.7
YR,F,Y20,PT,1980,57.4
YR,F,Y21,PT,1980,56.4
YR,F,Y22,PT,1980,55.4
YR,F,Y23,PT,1980,54.5
YR,F,Y24,PT,1980,53.5
YR,F,Y25,PT,1980,52.5
YR,F,Y26,PT,1980,51.6
YR,F,Y27,PT,1980,50.6
YR,F,Y28,PT,1980,49.6
YR,F,Y29,PT,1980,48.7
YR,F,Y1,PT,1979,75.4
YR,F,Y10,PT,1979,66.9
YR,F,Y11,PT,1979,65.9
YR,F,Y12,PT,1979,64.9
YR,F,Y13,PT,1979,64.0
YR,F,Y14,PT,1979,63.0
YR,F,Y15,PT,1979,62.0
YR,F,Y16,PT,1979,61.1
YR,F,Y17,PT,1979,60.1
YR,F,Y18,PT,1979,59.1
YR,F,Y19,PT,1979,58.2
YR,F,Y2,PT,1979,74.5
YR,F,Y20,PT,1979,57.2
YR,F,Y21,PT,1979,56.2
YR,F,Y22,PT,1979,55.3
YR,F,Y23,PT,1979,54.3
YR,F,Y24,PT,1979,53.3
YR,F,Y25,PT,1979,52.4
YR,F,Y26,PT,1979,51.4
YR,F,Y27,PT,1979,50.4
YR,F,Y28,PT,1979,49.5
YR,F,Y29,PT,1979,48.5
YR,F,Y1,PT,1978,74.8
YR,F,Y10,PT,1978,66.4
YR,F,Y11,PT,1978,65.4
YR,F,Y12,PT,1978,64.4
YR,F,Y13,PT,1978,63.4
YR,F,Y14,PT,1978,62.5
YR,F,Y15,PT,1978,61.5
YR,F,Y16,PT,1978,60.5
YR,F,Y17,PT,1978,59.6
YR,F,Y18,PT,1978,58.6
YR,F,Y19,PT,1978,57.6
YR,F,Y2,PT,1978,74.0
YR,F,Y20,PT,1978,56.7
YR,F,Y21,PT,1978,55.7
YR,F,Y22,PT,1978,54.7
YR,F,Y23,PT,1978,53.8
YR,F,Y24,PT,1978,52.8
YR,F,Y25,PT,1978,51.8
YR,F,Y26,PT,1978,50.9
YR,F,Y27,PT,1978,49.9
YR,F,Y28,PT,1978,48.9
YR,F,Y29,PT,1978,48.0
YR,F,Y1,PT,1977,74.6
YR,F,Y10,PT,1977,66.2
YR,F,Y11,PT,1977,65.2
YR,F,Y12,PT,1977,64.3
YR,F,Y13,PT,1977,63.3
YR,F,Y14,PT,1977,62.3
YR,F,Y15,PT,1977,61.3
YR,F,Y16,PT,1977,60.3
YR,F,Y17,PT,1977,59.4
YR,F,Y18,PT,1977,58.4
YR,F,Y19,PT,1977,57.4
YR,F,Y2,PT,1977,73.8
YR,F,Y20,PT,1977,56.5
YR,F,Y21,PT,1977,55.5
YR,F,Y22,PT,1977,54.6
YR,F,Y23,PT,1977,53.6
YR,F,Y24,PT,1977,52.6
YR,F,Y25,PT,1977,51.7
YR,F,Y26,PT,1977,50.7
YR,F,Y27,PT,1977,49.7
YR,F,Y28,PT,1977,48.8
YR,F,Y29,PT,1977,47.8
YR,F,Y1,PT,1976,73.8
YR,F,Y10,PT,1976,65.5
YR,F,Y11,PT,1976,64.5
YR,F,Y12,PT,1976,63.5
YR,F,Y13,PT,1976,62.6
YR,F,Y14,PT,1976,61.6
YR,F,Y15,PT,1976,60.6
YR,F,Y16,PT,1976,59.6
YR,F,Y17,PT,1976,58.7
YR,F,Y18,PT,1976,57.7
YR,F,Y19,PT,1976,56.8
YR,F,Y2,PT,1976,73.0
YR,F,Y20,PT,1976,55.8
YR,F,Y21,PT,1976,54.8
YR,F,Y22,PT,1976,53.9
YR,F,Y23,PT,1976,52.9
YR,F,Y24,PT,1976,51.9
YR,F,Y25,PT,1976,51.0
YR,F,Y26,PT,1976,50.0
YR,F,Y27,PT,1976,49.1
YR,F,Y28,PT,1976,48.1
YR,F,Y29,PT,1976,47.1
YR,F,Y1,PT,1975,73.7
YR,F,Y10,PT,1975,65.4
YR,F,Y11,PT,1975,64.5
YR,F,Y12,PT,1975,63.5
YR,F,Y13,PT,1975,62.5
YR,F,Y14,PT,1975,61.5
YR,F,Y15,PT,1975,60.6
YR,F,Y16,PT,1975,59.6
YR,F,Y17,PT,1975,58.6
YR,F,Y18,PT,1975,57.7
YR,F,Y19,PT,1975,56.7
YR,F,Y2,PT,1975,73.0
YR,F,Y20,PT,1975,55.7
YR,F,Y21,PT,1975,54.8
YR,F,Y22,PT,1975,53.8
YR,F,Y23,PT,1975,52.8
YR,F,Y24,PT,1975,51.9
YR,F,Y25,PT,1975,50.9
YR,F,Y26,PT,1975,49.9
YR,F,Y27,PT,1975,49.0
YR,F,Y28,PT,1975,48.0
YR,F,Y29,PT,1975,47.0
YR,F,Y1,PT,1974,72.9
YR,F,Y10,PT,1974,64.7
YR,F,Y11,PT,1974,63.7
YR,F,Y12,PT,1974,62.7
YR,F,Y13,PT,1974,61.7
YR,F,Y14,PT,1974,60.8
YR,F,Y15,PT,1974,59.8
YR,F,Y16,PT,1974,58.8
YR,F,Y17,PT,1974,57.8
YR,F,Y18,PT,1974,56.9
YR,F,Y19,PT,1974,55.9
YR,F,Y2,PT,1974,72.2
YR,F,Y20,PT,1974,54.9
YR,F,Y21,PT,1974,54.0
YR,F,Y22,PT,1974,53.0
YR,F,Y23,PT,1974,52.0
YR,F,Y24,PT,1974,51.1
YR,F,Y25,PT,1974,50.1
YR,F,Y26,PT,1974,49.1
YR,F,Y27,PT,1974,48.2
YR,F,Y28,PT,1974,47.2
YR,F,Y29,PT,1974,46.2
YR,F,Y1,PT,1973,72.6
YR,F,Y10,PT,1973,64.6
YR,F,Y11,PT,1973,63.6
YR,F,Y12,PT,1973,62.6
YR,F,Y13,PT,1973,61.7
YR,F,Y14,PT,1973,60.7
YR,F,Y15,PT,1973,59.7
YR,F,Y16,PT,1973,58.8
YR,F,Y17,PT,1973,57.8
YR,F,Y18,PT,1973,56.8
YR,F,Y19,PT,1973,55.8
YR,F,Y2,PT,1973,72.0
YR,F,Y20,PT,1973,54.9
YR,F,Y21,PT,1973,53.9
YR,F,Y22,PT,1973,52.9
YR,F,Y23,PT,1973,52.0
YR,F,Y24,PT,1973,51.0
YR,F,Y25,PT,1973,50.0
YR,F,Y26,PT,1973,49.1
YR,F,Y27,PT,1973,48.1
YR,F,Y28,PT,1973,47.1
YR,F,Y29,PT,1973,46.2
YR,F,Y1,PT,1972,73.2
YR,F,Y10,PT,1972,65.1
YR,F,Y11,PT,1972,64.1
YR,F,Y12,PT,1972,63.2
YR,F,Y13,PT,1972,62.2
YR,F,Y14,PT,1972,61.2
YR,F,Y15,PT,1972,60.2
YR,F,Y16,PT,1972,59.3
YR,F,Y17,PT,1972,58.3
YR,F,Y18,PT,1972,57.3
YR,F,Y19,PT,1972,56.3
YR,F,Y2,PT,1972,72.6
YR,F,Y20,PT,1972,55.4
YR,F,Y21,PT,1972,54.4
YR,F,Y22,PT,1972,53.4
YR,F,Y23,PT,1972,52.5
YR,F,Y24,PT,1972,51.5
YR,F,Y25,PT,1972,50.5
YR,F,Y26,PT,1972,49.6
YR,F,Y27,PT,1972,48.6
YR,F,Y28,PT,1972,47.7
YR,F,Y29,PT,1972,46.7
YR,F,Y1,PT,1971,72.3
YR,F,Y10,PT,1971,64.5
YR,F,Y11,PT,1971,63.5
YR,F,Y12,PT,1971,62.6
YR,F,Y13,PT,1971,61.6
YR,F,Y14,PT,1971,60.6
YR,F,Y15,PT,1971,59.6
YR,F,Y16,PT,1971,58.7
YR,F,Y17,PT,1971,57.7
YR,F,Y18,PT,1971,56.7
YR,F,Y19,PT,1971,55.8
YR,F,Y2,PT,1971,71.8
YR,F,Y20,PT,1971,54.8
YR,F,Y21,PT,1971,53.8
YR,F,Y22,PT,1971,52.9
YR,F,Y23,PT,1971,51.9
YR,F,Y24,PT,1971,50.9
YR,F,Y25,PT,1971,50.0
YR,F,Y26,PT,1971,49.0
YR,F,Y27,PT,1971,48.1
YR,F,Y28,PT,1971,47.1
YR,F,Y29,PT,1971,46.2
YR,F,Y1,PT,1970,72.9
YR,F,Y10,PT,1970,65.2
YR,F,Y11,PT,1970,64.2
YR,F,Y12,PT,1970,63.2
YR,F,Y13,PT,1970,62.3
YR,F,Y14,PT,1970,61.3
YR,F,Y15,PT,1970,60.3
YR,F,Y16,PT,1970,59.3
YR,F,Y17,PT,1970,58.4
YR,F,Y18,PT,1970,57.4
YR,F,Y19,PT,1970,56.4
YR,F,Y2,PT,1970,72.5
YR,F,Y20,PT,1970,55.5
YR,F,Y21,PT,1970,54.5
YR,F,Y22,PT,1970,53.5
YR,F,Y23,PT,1970,52.6
YR,F,Y24,PT,1970,51.6
YR,F,Y25,PT,1970,50.7
YR,F,Y26,PT,1970,49.7
YR,F,Y27,PT,1970,48.7
YR,F,Y28,PT,1970,47.8
YR,F,Y29,PT,1970,46.8
YR,F,Y1,PT,1969,72.0
YR,F,Y10,PT,1969,64.1
YR,F,Y11,PT,1969,63.1
YR,F,Y12,PT,1969,62.2
YR,F,Y13,PT,1969,61.2
YR,F,Y14,PT,1969,60.2
YR,F,Y15,PT,1969,59.2
YR,F,Y16,PT,1969,58.3
YR,F,Y17,PT,1969,57.3
YR,F,Y18,PT,1969,56.3
YR,F,Y19,PT,1969,55.4
YR,F,Y2,PT,1969,71.5
YR,F,Y20,PT,1969,54.4
YR,F,Y21,PT,1969,53.4
YR,F,Y22,PT,1969,52.5
YR,F,Y23,PT,1969,51.5
YR,F,Y24,PT,1969,50.5
YR,F,Y25,PT,1969,49.6
YR,F,Y26,PT,1969,48.6
YR,F,Y27,PT,1969,47.7
YR,F,Y28,PT,1969,46.7
YR,F,Y29,PT,1969,45.8
YR,F,Y1,PT,1968,72.6
YR,F,Y10,PT,1968,64.8
YR,F,Y11,PT,1968,63.9
YR,F,Y12,PT,1968,62.9
YR,F,Y13,PT,1968,61.9
YR,F,Y14,PT,1968,61.0
YR,F,Y15,PT,1968,60.0
YR,F,Y16,PT,1968,59.0
YR,F,Y17,PT,1968,58.0
YR,F,Y18,PT,1968,57.1
YR,F,Y19,PT,1968,56.1
YR,F,Y2,PT,1968,72.1
YR,F,Y20,PT,1968,55.1
YR,F,Y21,PT,1968,54.2
YR,F,Y22,PT,1968,53.2
YR,F,Y23,PT,1968,52.3
YR,F,Y24,PT,1968,51.3
YR,F,Y25,PT,1968,50.3
YR,F,Y26,PT,1968,49.4
YR,F,Y27,PT,1968,48.4
YR,F,Y28,PT,1968,47.5
YR,F,Y29,PT,1968,46.5
YR,F,Y1,PT,1967,72.3
YR,F,Y10,PT,1967,64.6
YR,F,Y11,PT,1967,63.6
YR,F,Y12,PT,1967,62.6
YR,F,Y13,PT,1967,61.7
YR,F,Y14,PT,1967,60.7
YR,F,Y15,PT,1967,59.7
YR,F,Y16,PT,1967,58.8
YR,F,Y17,PT,1967,57.8
YR,F,Y18,PT,1967,56.8
YR,F,Y19,PT,1967,55.9
YR,F,Y2,PT,1967,71.9
YR,F,Y20,PT,1967,54.9
YR,F,Y21,PT,1967,53.9
YR,F,Y22,PT,1967,53.0
YR,F,Y23,PT,1967,52.0
YR,F,Y24,PT,1967,51.1
YR,F,Y25,PT,1967,50.1
YR,F,Y26,PT,1967,49.1
YR,F,Y27,PT,1967,48.2
YR,F,Y28,PT,1967,47.2
YR,F,Y29,PT,1967,46.3
YR,F,Y1,PT,1966,71.7
YR,F,Y10,PT,1966,64.3
YR,F,Y11,PT,1966,63.3
YR,F,Y12,PT,1966,62.4
YR,F,Y13,PT,1966,61.4
YR,F,Y14,PT,1966,60.4
YR,F,Y15,PT,1966,59.5
YR,F,Y16,PT,1966,58.5
YR,F,Y17,PT,1966,57.5
YR,F,Y18,PT,1966,56.5
YR,F,Y19,PT,1966,55.6
YR,F,Y2,PT,1966,71.5
YR,F,Y20,PT,1966,54.6
YR,F,Y21,PT,1966,53.7
YR,F,Y22,PT,1966,52.7
YR,F,Y23,PT,1966,51.7
YR,F,Y24,PT,1966,50.8
YR,F,Y25,PT,1966,49.8
YR,F,Y26,PT,1966,48.9
YR,F,Y27,PT,1966,47.9
YR,F,Y28,PT,1966,47.0
YR,F,Y29,PT,1966,46.0
YR,F,Y1,PT,1965,72.2
YR,F,Y10,PT,1965,64.8
YR,F,Y11,PT,1965,63.9
YR,F,Y12,PT,1965,62.9
YR,F,Y13,PT,1965,61.9
YR,F,Y14,PT,1965,61.0
YR,F,Y15,PT,1965,60.0
YR,F,Y16,PT,1965,59.0
YR,F,Y17,PT,1965,58.1
YR,F,Y18,PT,1965,57.1
YR,F,Y19,PT,1965,56.1
YR,F,Y2,PT,1965,72.0
YR,F,Y20,PT,1965,55.2
YR,F,Y21,PT,1965,54.2
YR,F,Y22,PT,1965,53.2
YR,F,Y23,PT,1965,52.3
YR,F,Y24,PT,1965,51.3
YR,F,Y25,PT,1965,50.3
YR,F,Y26,PT,1965,49.4
YR,F,Y27,PT,1965,48.4
YR,F,Y28,PT,1965,47.5
YR,F,Y29,PT,1965,46.5
YR,F,Y1,PT,1964,71.6
YR,F,Y10,PT,1964,64.6
YR,F,Y11,PT,1964,63.7
YR,F,Y12,PT,1964,62.7
YR,F,Y13,PT,1964,61.7
YR,F,Y14,PT,1964,60.8
YR,F,Y15,PT,1964,59.8
YR,F,Y16,PT,1964,58.9
YR,F,Y17,PT,1964,57.9
YR,F,Y18,PT,1964,56.9
YR,F,Y19,PT,1964,56.0
YR,F,Y2,PT,1964,71.5
YR,F,Y20,PT,1964,55.0
YR,F,Y21,PT,1964,54.0
YR,F,Y22,PT,1964,53.1
YR,F,Y23,PT,1964,52.1
YR,F,Y24,PT,1964,51.2
YR,F,Y25,PT,1964,50.2
YR,F,Y26,PT,1964,49.3
YR,F,Y27,PT,1964,48.3
YR,F,Y28,PT,1964,47.4
YR,F,Y29,PT,1964,46.4
YR,F,Y1,PT,1963,71.5
YR,F,Y10,PT,1963,64.6
YR,F,Y11,PT,1963,63.6
YR,F,Y12,PT,1963,62.7
YR,F,Y13,PT,1963,61.7
YR,F,Y14,PT,1963,60.7
YR,F,Y15,PT,1963,59.8
YR,F,Y16,PT,1963,58.8
YR,F,Y17,PT,1963,57.8
YR,F,Y18,PT,1963,56.9
YR,F,Y19,PT,1963,55.9
YR,F,Y2,PT,1963,71.5
YR,F,Y20,PT,1963,55.0
YR,F,Y21,PT,1963,54.0
YR,F,Y22,PT,1963,53.0
YR,F,Y23,PT,1963,52.1
YR,F,Y24,PT,1963,51.1
YR,F,Y25,PT,1963,50.2
YR,F,Y26,PT,1963,49.2
YR,F,Y27,PT,1963,48.3
YR,F,Y28,PT,1963,47.3
YR,F,Y29,PT,1963,46.4
YR,F,Y1,PT,1962,71.4
YR,F,Y10,PT,1962,64.7
YR,F,Y11,PT,1962,63.8
YR,F,Y12,PT,1962,62.8
YR,F,Y13,PT,1962,61.8
YR,F,Y14,PT,1962,60.9
YR,F,Y15,PT,1962,59.9
YR,F,Y16,PT,1962,58.9
YR,F,Y17,PT,1962,58.0
YR,F,Y18,PT,1962,57.0
YR,F,Y19,PT,1962,56.0
YR,F,Y2,PT,1962,71.5
YR,F,Y20,PT,1962,55.1
YR,F,Y21,PT,1962,54.1
YR,F,Y22,PT,1962,53.2
YR,F,Y23,PT,1962,52.2
YR,F,Y24,PT,1962,51.2
YR,F,Y25,PT,1962,50.3
YR,F,Y26,PT,1962,49.4
YR,F,Y27,PT,1962,48.4
YR,F,Y28,PT,1962,47.5
YR,F,Y29,PT,1962,46.5
YR,F,Y1,PT,1961,70.5
YR,F,Y10,PT,1961,64.5
YR,F,Y11,PT,1961,63.6
YR,F,Y12,PT,1961,62.6
YR,F,Y13,PT,1961,61.7
YR,F,Y14,PT,1961,60.7
YR,F,Y15,PT,1961,59.7
YR,F,Y16,PT,1961,58.8
YR,F,Y17,PT,1961,57.8
YR,F,Y18,PT,1961,56.8
YR,F,Y19,PT,1961,55.9
YR,F,Y2,PT,1961,71.2
YR,F,Y20,PT,1961,54.9
YR,F,Y21,PT,1961,54.0
YR,F,Y22,PT,1961,53.0
YR,F,Y23,PT,1961,52.1
YR,F,Y24,PT,1961,51.1
YR,F,Y25,PT,1961,50.2
YR,F,Y26,PT,1961,49.2
YR,F,Y27,PT,1961,48.3
YR,F,Y28,PT,1961,47.3
YR,F,Y29,PT,1961,46.4
YR,F,Y1,PT,1960,71.2
YR,F,Y10,PT,1960,64.3
YR,F,Y11,PT,1960,63.4
YR,F,Y12,PT,1960,62.4
YR,F,Y13,PT,1960,61.4
YR,F,Y14,PT,1960,60.5
YR,F,Y15,PT,1960,59.5
YR,F,Y16,PT,1960,58.6
YR,F,Y17,PT,1960,57.6
YR,F,Y18,PT,1960,56.6
YR,F,Y19,PT,1960,55.7
YR,F,Y2,PT,1960,71.2
YR,F,Y20,PT,1960,54.7
YR,F,Y21,PT,1960,53.7
YR,F,Y22,PT,1960,52.8
YR,F,Y23,PT,1960,51.8
YR,F,Y24,PT,1960,50.9
YR,F,Y25,PT,1960,49.9
YR,F,Y26,PT,1960,49.0
YR,F,Y27,PT,1960,48.1
YR,F,Y28,PT,1960,47.1
YR,F,Y29,PT,1960,46.2
